Archive member included because of file (symbol)

d:/winavr-20090313/bin/../lib/gcc/avr/4.3.2\libgcc.a(_exit.o)
                              d:/winavr-20090313/bin/../lib/gcc/avr/4.3.2/../../../../avr/lib/crts8515.o (exit)

Memory Configuration

Name             Origin             Length             Attributes
text             0x00000000         0x00002000         xr
data             0x00800060         0x0000ffa0         rw !x
eeprom           0x00810000         0x00010000         rw !x
fuse             0x00820000         0x00000400         rw !x
lock             0x00830000         0x00000400         rw !x
signature        0x00840000         0x00000400         rw !x
*default*        0x00000000         0xffffffff

Linker script and memory map

LOAD d:/winavr-20090313/bin/../lib/gcc/avr/4.3.2/../../../../avr/lib/crts8515.o
                0x008003ff                __stack = 0x8003ff
LOAD C:\DOCUME~1\Wang\LOCALS~1\Temp/ccvrD45Z.o
LOAD d:/winavr-20090313/bin/../lib/gcc/avr/4.3.2\libgcc.a
LOAD d:/winavr-20090313/bin/../lib/gcc/avr/4.3.2/../../../../avr/lib\libc.a
LOAD d:/winavr-20090313/bin/../lib/gcc/avr/4.3.2\libgcc.a

.hash
 *(.hash)

.dynsym
 *(.dynsym)

.dynstr
 *(.dynstr)

.gnu.version
 *(.gnu.version)

.gnu.version_d
 *(.gnu.version_d)

.gnu.version_r
 *(.gnu.version_r)

.rel.init
 *(.rel.init)

.rela.init
 *(.rela.init)

.rel.text
 *(.rel.text)
 *(.rel.text.*)
 *(.rel.gnu.linkonce.t*)

.rela.text
 *(.rela.text)
 *(.rela.text.*)
 *(.rela.gnu.linkonce.t*)

.rel.fini
 *(.rel.fini)

.rela.fini
 *(.rela.fini)

.rel.rodata
 *(.rel.rodata)
 *(.rel.rodata.*)
 *(.rel.gnu.linkonce.r*)

.rela.rodata
 *(.rela.rodata)
 *(.rela.rodata.*)
 *(.rela.gnu.linkonce.r*)

.rel.data
 *(.rel.data)
 *(.rel.data.*)
 *(.rel.gnu.linkonce.d*)

.rela.data
 *(.rela.data)
 *(.rela.data.*)
 *(.rela.gnu.linkonce.d*)

.rel.ctors
 *(.rel.ctors)

.rela.ctors
 *(.rela.ctors)

.rel.dtors
 *(.rel.dtors)

.rela.dtors
 *(.rela.dtors)

.rel.got
 *(.rel.got)

.rela.got
 *(.rela.got)

.rel.bss
 *(.rel.bss)

.rela.bss
 *(.rela.bss)

.rel.plt
 *(.rel.plt)

.rela.plt
 *(.rela.plt)

.text           0x00000000       0x68
 *(.vectors)
 .vectors       0x00000000       0x1a d:/winavr-20090313/bin/../lib/gcc/avr/4.3.2/../../../../avr/lib/crts8515.o
                0x00000000                __vectors
                0x00000000                __vector_default
 *(.vectors)
 *(.progmem.gcc*)
 *(.progmem*)
                0x0000001a                . = ALIGN (0x2)
                0x0000001a                __trampolines_start = .
 *(.trampolines)
 .trampolines   0x0000001a        0x0 linker stubs
 *(.trampolines*)
                0x0000001a                __trampolines_end = .
 *(.jumptables)
 *(.jumptables*)
 *(.lowtext)
 *(.lowtext*)
                0x0000001a                __ctors_start = .
 *(.ctors)
                0x0000001a                __ctors_end = .
                0x0000001a                __dtors_start = .
 *(.dtors)
                0x0000001a                __dtors_end = .
 SORT(*)(.ctors)
 SORT(*)(.dtors)
 *(.init0)
 .init0         0x0000001a        0x0 d:/winavr-20090313/bin/../lib/gcc/avr/4.3.2/../../../../avr/lib/crts8515.o
                0x0000001a                __init
 *(.init0)
 *(.init1)
 *(.init1)
 *(.init2)
 .init2         0x0000001a        0xc d:/winavr-20090313/bin/../lib/gcc/avr/4.3.2/../../../../avr/lib/crts8515.o
 *(.init2)
 *(.init3)
 *(.init3)
 *(.init4)
 *(.init4)
 *(.init5)
 *(.init5)
 *(.init6)
 *(.init6)
 *(.init7)
 *(.init7)
 *(.init8)
 *(.init8)
 *(.init9)
 .init9         0x00000026        0x4 d:/winavr-20090313/bin/../lib/gcc/avr/4.3.2/../../../../avr/lib/crts8515.o
 *(.init9)
 *(.text)
 .text          0x0000002a        0x2 d:/winavr-20090313/bin/../lib/gcc/avr/4.3.2/../../../../avr/lib/crts8515.o
                0x0000002a                __vector_1
                0x0000002a                __vector_12
                0x0000002a                __bad_interrupt
                0x0000002a                __vector_6
                0x0000002a                __vector_3
                0x0000002a                __vector_11
                0x0000002a                __vector_7
                0x0000002a                __vector_5
                0x0000002a                __vector_4
                0x0000002a                __vector_9
                0x0000002a                __vector_2
                0x0000002a                __vector_8
                0x0000002a                __vector_10
 .text          0x0000002c       0x38 C:\DOCUME~1\Wang\LOCALS~1\Temp/ccvrD45Z.o
                0x0000004e                main
                0x0000002c                fib
 .text          0x00000064        0x0 d:/winavr-20090313/bin/../lib/gcc/avr/4.3.2\libgcc.a(_exit.o)
                0x00000064                . = ALIGN (0x2)
 *(.text.*)
 .text.libgcc   0x00000064        0x0 d:/winavr-20090313/bin/../lib/gcc/avr/4.3.2\libgcc.a(_exit.o)
                0x00000064                . = ALIGN (0x2)
 *(.fini9)
 .fini9         0x00000064        0x0 d:/winavr-20090313/bin/../lib/gcc/avr/4.3.2\libgcc.a(_exit.o)
                0x00000064                exit
                0x00000064                _exit
 *(.fini9)
 *(.fini8)
 *(.fini8)
 *(.fini7)
 *(.fini7)
 *(.fini6)
 *(.fini6)
 *(.fini5)
 *(.fini5)
 *(.fini4)
 *(.fini4)
 *(.fini3)
 *(.fini3)
 *(.fini2)
 *(.fini2)
 *(.fini1)
 *(.fini1)
 *(.fini0)
 .fini0         0x00000064        0x4 d:/winavr-20090313/bin/../lib/gcc/avr/4.3.2\libgcc.a(_exit.o)
 *(.fini0)
                0x00000068                _etext = .

.data           0x00800060        0x0 load address 0x00000068
                0x00800060                PROVIDE (__data_start, .)
 *(.data)
 .data          0x00800060        0x0 d:/winavr-20090313/bin/../lib/gcc/avr/4.3.2/../../../../avr/lib/crts8515.o
 .data          0x00800060        0x0 C:\DOCUME~1\Wang\LOCALS~1\Temp/ccvrD45Z.o
 .data          0x00800060        0x0 d:/winavr-20090313/bin/../lib/gcc/avr/4.3.2\libgcc.a(_exit.o)
 *(.data*)
 *(.rodata)
 *(.rodata*)
 *(.gnu.linkonce.d*)
                0x00800060                . = ALIGN (0x2)
                0x00800060                _edata = .
                0x00800060                PROVIDE (__data_end, .)

.bss            0x00800060        0x0
                0x00800060                PROVIDE (__bss_start, .)
 *(.bss)
 .bss           0x00800060        0x0 d:/winavr-20090313/bin/../lib/gcc/avr/4.3.2/../../../../avr/lib/crts8515.o
 .bss           0x00800060        0x0 C:\DOCUME~1\Wang\LOCALS~1\Temp/ccvrD45Z.o
 .bss           0x00800060        0x0 d:/winavr-20090313/bin/../lib/gcc/avr/4.3.2\libgcc.a(_exit.o)
 *(.bss*)
 *(COMMON)
                0x00800060                PROVIDE (__bss_end, .)
                0x00000068                __data_load_start = LOADADDR (.data)
                0x00000068                __data_load_end = (__data_load_start + SIZEOF (.data))

.noinit         0x00800060        0x0
                0x00800060                PROVIDE (__noinit_start, .)
 *(.noinit*)
                0x00800060                PROVIDE (__noinit_end, .)
                0x00800060                _end = .
                0x00800060                PROVIDE (__heap_start, .)

.eeprom         0x00810000        0x0
 *(.eeprom*)
                0x00810000                __eeprom_end = .

.fuse
 *(.fuse)
 *(.lfuse)
 *(.hfuse)
 *(.efuse)

.lock
 *(.lock*)

.signature
 *(.signature*)

.stab
 *(.stab)

.stabstr
 *(.stabstr)

.stab.excl
 *(.stab.excl)

.stab.exclstr
 *(.stab.exclstr)

.stab.index
 *(.stab.index)

.stab.indexstr
 *(.stab.indexstr)

.comment
 *(.comment)

.debug
 *(.debug)

.line
 *(.line)

.debug_srcinfo
 *(.debug_srcinfo)

.debug_sfnames
 *(.debug_sfnames)

.debug_aranges
 *(.debug_aranges)

.debug_pubnames
 *(.debug_pubnames)

.debug_info
 *(.debug_info)
 *(.gnu.linkonce.wi.*)

.debug_abbrev
 *(.debug_abbrev)

.debug_line
 *(.debug_line)

.debug_frame
 *(.debug_frame)

.debug_str
 *(.debug_str)

.debug_loc
 *(.debug_loc)

.debug_macinfo
 *(.debug_macinfo)
OUTPUT(gpio.elf elf32-avr)
LOAD linker stubs
